// Jest Snapshot v1, https://goo.gl/fbAQLP

exports[`should render ExpenseListItem with expense 1`] = `
<li>
  <div>
    <p>
      Description: 
      <Link
        replace={false}
        to="/edit/undefined"
      />
    </p>
    <p>
      Amount: 
    </p>
    <p>
      Created At: 
    </p>
  </div>
</li>
`;
